============================= test session starts =============================
platform win32 -- Python 3.13.3, pytest-9.0.2, pluggy-1.6.0
benchmark: 5.2.3 (defaults: timer=time.perf_counter disable_gc=False min_rounds=5 min_time=0.000005 max_time=1.0 calibration_precision=10 warmup=False warmup_iterations=100000)
rootdir: C:\Users\bsank\StrikeGoal
plugins: anyio-4.12.0, langsmith-0.5.0, locust-2.43.0, benchmark-5.2.3, cov-7.0.0
collected 0 items / 2 errors

=================================== ERRORS ====================================
________________ ERROR collecting tests/test_ics_generator.py _________________
ImportError while importing test module 'C:\Users\bsank\StrikeGoal\tests\test_ics_generator.py'.
Hint: make sure your test modules/packages have valid Python names.
Traceback:
..\..\jayas\AppData\Local\Programs\Python\Python313\Lib\importlib\__init__.py:88: in import_module
    return _bootstrap._gcd_import(name[level:], package, level)
           ^^^^^^^^^^^^^^^^^^^^^^^^^^^^^^^^^^^^^^^^^^^^^^^^^^^^
tests\test_ics_generator.py:5: in <module>
    from utils.ics_generator import generate_ics
E   ModuleNotFoundError: No module named 'utils'
________________ ERROR collecting tests/test_study_planner.py _________________
ImportError while importing test module 'C:\Users\bsank\StrikeGoal\tests\test_study_planner.py'.
Hint: make sure your test modules/packages have valid Python names.
Traceback:
..\..\jayas\AppData\Local\Programs\Python\Python313\Lib\importlib\__init__.py:88: in import_module
    return _bootstrap._gcd_import(name[level:], package, level)
           ^^^^^^^^^^^^^^^^^^^^^^^^^^^^^^^^^^^^^^^^^^^^^^^^^^^^
tests\test_study_planner.py:5: in <module>
    from utils.study_planner import StudyPlannerAgent
E   ModuleNotFoundError: No module named 'utils'
=========================== short test summary info ===========================
ERROR tests/test_ics_generator.py
ERROR tests/test_study_planner.py
!!!!!!!!!!!!!!!!!!! Interrupted: 2 errors during collection !!!!!!!!!!!!!!!!!!!
============================== 2 errors in 0.66s ==============================
